error[E0277]: the trait bound `for<'de> QueryParams: serde::de::Deserialize<'de>` is not satisfied
  --> tests/fail/bad_server_channel5.rs:41:18
   |
41 |         _params: Query<QueryParams>,
   |                  ^^^^^^^^^^^^^^^^^^ the trait `for<'de> serde::de::Deserialize<'de>` is not implemented for `QueryParams`
   |
   = help: the following other types implement trait `serde::de::Deserialize<'de>`:
             bool
             char
             isize
             i8
             i16
             i32
             i64
             i128
           and $N others
   = note: required for `QueryParams` to implement `serde::de::DeserializeOwned`
note: required by a bound in `dropshot::Query`
  --> src/extractor/query.rs
   |
   | pub struct Query<QueryType: DeserializeOwned + JsonSchema + Send + Sync> {
   |                             ^^^^^^^^^^^^^^^^ required by this bound in `Query`

error[E0277]: the trait bound `for<'de> QueryParams: serde::de::Deserialize<'de>` is not satisfied
  --> tests/fail/bad_server_channel5.rs:27:18
   |
27 |         _params: Query<QueryParams>,
   |                  ^^^^^^^^^^^^^^^^^^ the trait `for<'de> serde::de::Deserialize<'de>` is not implemented for `QueryParams`
   |
   = help: the following other types implement trait `serde::de::Deserialize<'de>`:
             bool
             char
             isize
             i8
             i16
             i32
             i64
             i128
           and $N others
   = note: required for `QueryParams` to implement `serde::de::DeserializeOwned`
note: required by a bound in `dropshot::Query`
  --> src/extractor/query.rs
   |
   | pub struct Query<QueryType: DeserializeOwned + JsonSchema + Send + Sync> {
   |                             ^^^^^^^^^^^^^^^^ required by this bound in `Query`

error[E0277]: the trait bound `for<'de> QueryParams: serde::de::Deserialize<'de>` is not satisfied
  --> tests/fail/bad_server_channel5.rs:17:1
   |
17 | #[dropshot::server]
   | ^^^^^^^^^^^^^^^^^^^ the trait `for<'de> serde::de::Deserialize<'de>` is not implemented for `QueryParams`
   |
   = help: the following other types implement trait `serde::de::Deserialize<'de>`:
             bool
             char
             isize
             i8
             i16
             i32
             i64
             i128
           and $N others
   = note: required for `QueryParams` to implement `serde::de::DeserializeOwned`
note: required by a bound in `dropshot::Query`
  --> src/extractor/query.rs
   |
   | pub struct Query<QueryType: DeserializeOwned + JsonSchema + Send + Sync> {
   |                             ^^^^^^^^^^^^^^^^ required by this bound in `Query`
   = note: this error originates in the attribute macro `dropshot::server` (in Nightly builds, run with -Z macro-backtrace for more info)

error[E0277]: the trait bound `for<'de> QueryParams: serde::de::Deserialize<'de>` is not satisfied
  --> tests/fail/bad_server_channel5.rs:39:5
   |
39 | /     async fn bad_channel(
40 | |         _rqctx: RequestContext<Self::Context>,
41 | |         _params: Query<QueryParams>,
42 | |         _upgraded: WebsocketConnection,
43 | |     ) -> dropshot::WebsocketChannelResult {
   | |_________________________________________^ the trait `for<'de> serde::de::Deserialize<'de>` is not implemented for `QueryParams`
   |
   = help: the following other types implement trait `serde::de::Deserialize<'de>`:
             bool
             char
             isize
             i8
             i16
             i32
             i64
             i128
           and $N others
   = note: required for `QueryParams` to implement `serde::de::DeserializeOwned`
note: required by a bound in `dropshot::Query`
  --> src/extractor/query.rs
   |
   | pub struct Query<QueryType: DeserializeOwned + JsonSchema + Send + Sync> {
   |                             ^^^^^^^^^^^^^^^^ required by this bound in `Query`
