error[E0277]: the trait bound `HttpResponseOk<()>: _::{closure#0}::ResultTrait` is not satisfied
  --> tests/fail/bad_server_invalid_types.rs:11:10
   |
11 |     ) -> HttpResponseOk<()>;
   |          ^^^^^^^^^^^^^^ the trait `_::{closure#0}::ResultTrait` is not implemented for `HttpResponseOk<()>`
   |
   = help: the trait `_::{closure#0}::ResultTrait` is implemented for `Result<TT, EE>`

error[E0277]: the trait bound `(): HttpCodedResponse` is not satisfied
  --> tests/fail/bad_server_invalid_types.rs:23:10
   |
23 |     ) -> Result<(), HttpError>;
   |          ^^^^^^ the trait `HttpCodedResponse` is not implemented for `()`
   |
   = help: the following other types implement trait `HttpCodedResponse`:
             HttpResponseCreated<T>
             HttpResponseAccepted<T>
             HttpResponseOk<T>
             HttpResponseDeleted
             HttpResponseUpdatedNoContent
             dropshot::handler::HttpResponseFoundStatus
             dropshot::handler::HttpResponseSeeOtherStatus
             dropshot::handler::HttpResponseTemporaryRedirectStatus
   = note: required for `()` to implement `HttpResponse`
note: required for `Result<(), HttpError>` to implement `_::{closure#0}::ResultTrait`
  --> tests/fail/bad_server_invalid_types.rs:23:10
   |
5  | #[dropshot_server]
   | ------------------ unsatisfied trait bound introduced here
...
23 |     ) -> Result<(), HttpError>;
   |          ^^^^^^

error[E0277]: the trait bound `(): HttpCodedResponse` is not satisfied
  --> tests/fail/bad_server_invalid_types.rs:29:10
   |
29 |     ) -> Result<(), ()>;
   |          ^^^^^^ the trait `HttpCodedResponse` is not implemented for `()`
   |
   = help: the following other types implement trait `HttpCodedResponse`:
             HttpResponseCreated<T>
             HttpResponseAccepted<T>
             HttpResponseOk<T>
             HttpResponseDeleted
             HttpResponseUpdatedNoContent
             dropshot::handler::HttpResponseFoundStatus
             dropshot::handler::HttpResponseSeeOtherStatus
             dropshot::handler::HttpResponseTemporaryRedirectStatus
   = note: required for `()` to implement `HttpResponse`
note: required for `Result<(), ()>` to implement `_::{closure#0}::ResultTrait`
  --> tests/fail/bad_server_invalid_types.rs:29:10
   |
5  | #[dropshot_server]
   | ------------------ unsatisfied trait bound introduced here
...
29 |     ) -> Result<(), ()>;
   |          ^^^^^^

error[E0277]: the trait bound `HttpResponseOk<()>: _::{closure#0}::ResultTrait` is not satisfied
  --> tests/fail/bad_server_invalid_types.rs:11:10
   |
11 |     ) -> HttpResponseOk<()>;
   |          ^^^^^^^^^^^^^^^^^^ the trait `_::{closure#0}::ResultTrait` is not implemented for `HttpResponseOk<()>`
   |
   = help: the trait `_::{closure#0}::ResultTrait` is implemented for `Result<TT, EE>`

error[E0271]: type mismatch resolving `<() as TypeEq>::This == HttpError`
  --> tests/fail/bad_server_invalid_types.rs:17:10
   |
17 |     ) -> Result<HttpResponseOk<()>, ()>;
   |          ^^^^^^
   |          |
   |          expected this to be `HttpError`
   |          type mismatch resolving `<() as TypeEq>::This == HttpError`
   |
note: required by a bound in `_::{closure#0}::validate_result_error_type`
  --> tests/fail/bad_server_invalid_types.rs:17:10
   |
17 |     ) -> Result<HttpResponseOk<()>, ()>;
   |          ^^^^^^ required by this bound in `validate_result_error_type`

error[E0271]: type mismatch resolving `<() as TypeEq>::This == HttpError`
  --> tests/fail/bad_server_invalid_types.rs:29:10
   |
29 |     ) -> Result<(), ()>;
   |          ^^^^^^
   |          |
   |          expected this to be `HttpError`
   |          type mismatch resolving `<() as TypeEq>::This == HttpError`
   |
note: required by a bound in `_::{closure#0}::validate_result_error_type`
  --> tests/fail/bad_server_invalid_types.rs:29:10
   |
29 |     ) -> Result<(), ()>;
   |          ^^^^^^ required by this bound in `validate_result_error_type`
