error: expected `trait`
  --> tests/fail/bad_server_endpoint27.rs:13:1
   |
13 | fn bad_server() {}
   | ^^
