error[E0277]: the trait bound `TypedBody<Stuff>: SharedExtractor` is not satisfied
  --> tests/fail/bad_endpoint17.rs:30:14
   |
30 |     _param1: TypedBody<Stuff>,
   |              ^^^^^^^^^^^^^^^^ the trait `SharedExtractor` is not implemented for `TypedBody<Stuff>`
   |
   = help: the following other types implement trait `SharedExtractor`:
             dropshot::Path<PathType>
             dropshot::Query<QueryType>
note: required by a bound in `need_shared_extractor`
  --> tests/fail/bad_endpoint17.rs:24:1
   |
24 | / #[endpoint {
25 | |     method = GET,
26 | |     path = "/test",
27 | | }]
   | |__^ required by this bound in `need_shared_extractor`
...
30 |       _param1: TypedBody<Stuff>,
   |                --------- required by a bound in this function
   = note: this error originates in the attribute macro `endpoint` (in Nightly builds, run with -Z macro-backtrace for more info)

error[E0277]: the trait bound `fn(RequestContext<()>, TypedBody<Stuff>, UntypedBody) -> impl Future<Output = Result<HttpResponseOk<()>, HttpError>> {<impl std::convert::From<two_exclusive_extractors> for ApiEndpoint<<RequestContext<()> as RequestContextArgument>::Context>>::from::two_exclusive_extractors}: dropshot::handler::HttpHandlerFunc<_, _, _>` is not satisfied
  --> tests/fail/bad_endpoint17.rs:28:10
   |
24 | / #[endpoint {
25 | |     method = GET,
26 | |     path = "/test",
27 | | }]
   | |__- required by a bound introduced by this call
28 |   async fn two_exclusive_extractors(
   |            ^^^^^^^^^^^^^^^^^^^^^^^^ the trait `dropshot::handler::HttpHandlerFunc<_, _, _>` is not implemented for fn item `fn(RequestContext<()>, TypedBody<Stuff>, UntypedBody) -> impl Future<Output = Result<HttpResponseOk<()>, HttpError>> {<impl std::convert::From<two_exclusive_extractors> for ApiEndpoint<<RequestContext<()> as RequestContextArgument>::Context>>::from::two_exclusive_extractors}`
   |
note: required by a bound in `ApiEndpoint::<Context>::new`
  --> src/api_description.rs
   |
   |     pub fn new<HandlerType, FuncParams, ResponseType>(
   |            --- required by a bound in this associated function
...
   |         HandlerType: HttpHandlerFunc<Context, FuncParams, ResponseType>,
   |                      ^^^^^^^^^^^^^^^^^^^^^^^^^^^^^^^^^^^^^^^^^^^^^^^^^^ required by this bound in `ApiEndpoint::<Context>::new`
