error[E0277]: the trait bound `dropshot::TypedBody<Stuff>: SharedExtractor` is not satisfied
  --> tests/fail/bad_server_endpoint18.rs:24:5
   |
24 |     #[endpoint {
   |     ^ the trait `SharedExtractor` is not implemented for `dropshot::TypedBody<Stuff>`
   |
   = help: the following other types implement trait `SharedExtractor`:
             dropshot::Path<PathType>
             dropshot::Query<QueryType>
   = note: required for `(dropshot::TypedBody<Stuff>, dropshot::Query<Stuff>)` to implement `dropshot::extractor::common::RequestExtractor`
note: required by a bound in `ApiEndpoint::<StubContext>::new_stub`
  --> src/api_description.rs
   |
   |     pub fn new_stub<FuncParams, ResultType>(
   |            -------- required by a bound in this associated function
...
   |         FuncParams: RequestExtractor + 'static,
   |                     ^^^^^^^^^^^^^^^^ required by this bound in `ApiEndpoint::<StubContext>::new_stub`

error[E0277]: the trait bound `fn(RequestContext<<ServerImpl as MyServer>::Context>, dropshot::TypedBody<Stuff>, dropshot::Query<Stuff>) -> impl Future<Output = Result<dropshot::HttpResponseUpdatedNoContent, dropshot::HttpError>> + Send + 'static {<ServerImpl as MyServer>::exclusive_extractor_not_last}: dropshot::handler::HttpHandlerFunc<_, _, _>` is not satisfied
  --> tests/fail/bad_server_endpoint18.rs:24:5
   |
20 |   #[dropshot::server]
   |   ------------------- required by a bound introduced by this call
...
24 | /     #[endpoint {
25 | |         method = GET,
26 | |         path = "/test",
27 | |     }]
28 | |     async fn exclusive_extractor_not_last(
   | |_________________________________________^ the trait `dropshot::handler::HttpHandlerFunc<_, _, _>` is not implemented for fn item `fn(RequestContext<...>, ..., ...) -> ... {<... as MyServer>::exclusive_extractor_not_last}`
   |
note: required by a bound in `ApiEndpoint::<Context>::new`
  --> src/api_description.rs
   |
   |     pub fn new<HandlerType, FuncParams, ResponseType>(
   |            --- required by a bound in this associated function
...
   |         HandlerType: HttpHandlerFunc<Context, FuncParams, ResponseType>,
   |                      ^^^^^^^^^^^^^^^^^^^^^^^^^^^^^^^^^^^^^^^^^^^^^^^^^^ required by this bound in `ApiEndpoint::<Context>::new`
